// Jest Snapshot v1, https://goo.gl/fbAQLP

exports[`Search search en renders correctly 1`] = `
<Search>
  <WithStyles(ForwardRef(Container))
    maxWidth="xl"
  >
    <ForwardRef(Container)
      classes={
        Object {
          "disableGutters": "MuiContainer-disableGutters",
          "fixed": "MuiContainer-fixed",
          "maxWidthLg": "MuiContainer-maxWidthLg",
          "maxWidthMd": "MuiContainer-maxWidthMd",
          "maxWidthSm": "MuiContainer-maxWidthSm",
          "maxWidthXl": "MuiContainer-maxWidthXl",
          "maxWidthXs": "MuiContainer-maxWidthXs",
          "root": "MuiContainer-root",
        }
      }
      maxWidth="xl"
    >
      <div
        className="MuiContainer-root MuiContainer-maxWidthXl"
      >
        <InfiniteScroll
          className="makeStyles-container-1"
          element="div"
          getScrollParent={null}
          hasMore={false}
          initialLoad={false}
          isReverse={false}
          loadMore={[Function]}
          loader={null}
          pageStart={0}
          ref={null}
          threshold={250}
          useCapture={false}
          useWindow={true}
        >
          <div
            className="makeStyles-container-1"
          >
            <div
              className="makeStyles-noMediaContainer-13"
            >
              <img
                alt="no-media"
                className="makeStyles-noMedia-14"
                src="http://localhost:8080/public/no-media.png"
              />
              <WithStyles(ForwardRef(Typography))
                variant="h5"
              >
                <ForwardRef(Typography)
                  classes={
                    Object {
                      "alignCenter": "MuiTypography-alignCenter",
                      "alignJustify": "MuiTypography-alignJustify",
                      "alignLeft": "MuiTypography-alignLeft",
                      "alignRight": "MuiTypography-alignRight",
                      "body1": "MuiTypography-body1",
                      "body2": "MuiTypography-body2",
                      "button": "MuiTypography-button",
                      "caption": "MuiTypography-caption",
                      "colorError": "MuiTypography-colorError",
                      "colorInherit": "MuiTypography-colorInherit",
                      "colorPrimary": "MuiTypography-colorPrimary",
                      "colorSecondary": "MuiTypography-colorSecondary",
                      "colorTextPrimary": "MuiTypography-colorTextPrimary",
                      "colorTextSecondary": "MuiTypography-colorTextSecondary",
                      "displayBlock": "MuiTypography-displayBlock",
                      "displayInline": "MuiTypography-displayInline",
                      "gutterBottom": "MuiTypography-gutterBottom",
                      "h1": "MuiTypography-h1",
                      "h2": "MuiTypography-h2",
                      "h3": "MuiTypography-h3",
                      "h4": "MuiTypography-h4",
                      "h5": "MuiTypography-h5",
                      "h6": "MuiTypography-h6",
                      "noWrap": "MuiTypography-noWrap",
                      "overline": "MuiTypography-overline",
                      "paragraph": "MuiTypography-paragraph",
                      "root": "MuiTypography-root",
                      "srOnly": "MuiTypography-srOnly",
                      "subtitle1": "MuiTypography-subtitle1",
                      "subtitle2": "MuiTypography-subtitle2",
                    }
                  }
                  variant="h5"
                >
                  <h5
                    className="MuiTypography-root MuiTypography-h5"
                  >
                    No medias found !
                  </h5>
                </ForwardRef(Typography)>
              </WithStyles(ForwardRef(Typography))>
            </div>
          </div>
        </InfiniteScroll>
      </div>
    </ForwardRef(Container)>
  </WithStyles(ForwardRef(Container))>
</Search>
`;

exports[`Search search fr renders correctly 1`] = `
<Search>
  <WithStyles(ForwardRef(Container))
    maxWidth="xl"
  >
    <ForwardRef(Container)
      classes={
        Object {
          "disableGutters": "MuiContainer-disableGutters",
          "fixed": "MuiContainer-fixed",
          "maxWidthLg": "MuiContainer-maxWidthLg",
          "maxWidthMd": "MuiContainer-maxWidthMd",
          "maxWidthSm": "MuiContainer-maxWidthSm",
          "maxWidthXl": "MuiContainer-maxWidthXl",
          "maxWidthXs": "MuiContainer-maxWidthXs",
          "root": "MuiContainer-root",
        }
      }
      maxWidth="xl"
    >
      <div
        className="MuiContainer-root MuiContainer-maxWidthXl"
      >
        <InfiniteScroll
          className="makeStyles-container-1"
          element="div"
          getScrollParent={null}
          hasMore={false}
          initialLoad={false}
          isReverse={false}
          loadMore={[Function]}
          loader={null}
          pageStart={0}
          ref={null}
          threshold={250}
          useCapture={false}
          useWindow={true}
        >
          <div
            className="makeStyles-container-1"
          >
            <div
              className="makeStyles-noMediaContainer-13"
            >
              <img
                alt="no-media"
                className="makeStyles-noMedia-14"
                src="http://localhost:8080/public/no-media.png"
              />
              <WithStyles(ForwardRef(Typography))
                variant="h5"
              >
                <ForwardRef(Typography)
                  classes={
                    Object {
                      "alignCenter": "MuiTypography-alignCenter",
                      "alignJustify": "MuiTypography-alignJustify",
                      "alignLeft": "MuiTypography-alignLeft",
                      "alignRight": "MuiTypography-alignRight",
                      "body1": "MuiTypography-body1",
                      "body2": "MuiTypography-body2",
                      "button": "MuiTypography-button",
                      "caption": "MuiTypography-caption",
                      "colorError": "MuiTypography-colorError",
                      "colorInherit": "MuiTypography-colorInherit",
                      "colorPrimary": "MuiTypography-colorPrimary",
                      "colorSecondary": "MuiTypography-colorSecondary",
                      "colorTextPrimary": "MuiTypography-colorTextPrimary",
                      "colorTextSecondary": "MuiTypography-colorTextSecondary",
                      "displayBlock": "MuiTypography-displayBlock",
                      "displayInline": "MuiTypography-displayInline",
                      "gutterBottom": "MuiTypography-gutterBottom",
                      "h1": "MuiTypography-h1",
                      "h2": "MuiTypography-h2",
                      "h3": "MuiTypography-h3",
                      "h4": "MuiTypography-h4",
                      "h5": "MuiTypography-h5",
                      "h6": "MuiTypography-h6",
                      "noWrap": "MuiTypography-noWrap",
                      "overline": "MuiTypography-overline",
                      "paragraph": "MuiTypography-paragraph",
                      "root": "MuiTypography-root",
                      "srOnly": "MuiTypography-srOnly",
                      "subtitle1": "MuiTypography-subtitle1",
                      "subtitle2": "MuiTypography-subtitle2",
                    }
                  }
                  variant="h5"
                >
                  <h5
                    className="MuiTypography-root MuiTypography-h5"
                  >
                    Aucun média trouvé !
                  </h5>
                </ForwardRef(Typography)>
              </WithStyles(ForwardRef(Typography))>
            </div>
          </div>
        </InfiniteScroll>
      </div>
    </ForwardRef(Container)>
  </WithStyles(ForwardRef(Container))>
</Search>
`;
